// Jest Snapshot v1, https://goo.gl/fbAQLP

exports[`Testing: NavbarComponent.vue should match with the snapshot 1`] = `
<nav class="navbar bg-primary"><a class="navbar-brand text-white"><img src="" alt="Vue Logo" height="24" class="d-inline-block align-text-top mx-2"> Daybook </a>
  <div class="d-flex"><a class="navbar-brand text-white">testing</a><button class="btn btn-outline-info mx-2"><i class="fa fa-sign-out-alt"></i></button></div>
</nav>
`;
