// Jest Snapshot v1, https://goo.gl/fbAQLP

exports[`Testing: RegisterPage.vue should match with the snapshot 1`] = `
<span class="login100-form-title p-b-41"> Register </span>
<form class="login100-form validate-form p-b-33 p-t-5">
  <div class="wrap-input100 validate-input" data-validate="Enter username"><input class="input100" type="text" placeholder="Username" autocomplete="username" required=""><span class="focus-input100" data-placeholder=""></span></div>
  <div class="wrap-input100 validate-input" data-validate="Enter email"><input class="input100" type="email" placeholder="Email" autocomplete="username" required=""><span class="focus-input100" data-placeholder=""></span></div>
  <div class="wrap-input100 validate-input" data-validate="Enter password"><input class="input100" type="password" placeholder="Password" autocomplete="new-password" required=""><span class="focus-input100" data-placeholder=""></span></div>
  <div class="container-login100-form-btn m-t-32"><button class="login100-form-btn" type="submit">Register</button></div>
  <div class="container-login100-form-btn m-t-32">
    <router-link-stub to="[object Object]" replace="false" custom="false" ariacurrentvalue="page"></router-link-stub>
  </div>
</form>
`;
