// Jest Snapshot v1, https://goo.gl/fbAQLP

exports[`Testing Home.vue should match with the snapshot 1`] = `
<div class="home"><img alt="Vue logo" src="">
  <h1>Hello World</h1>
  <hr><button class="btn btn-primary">Primary</button><button class="btn btn-secondary">Secondary</button><button class="btn btn-success">Success</button><button class="btn btn-success" test-id="daybook-home-button">Go To Daybook</button>
</div>
`;
